2024-08-01 18:26:42,664:DEBUG:Add: 10 + 5 = 15
2024-08-01 18:26:42,665:DEBUG:Subtract: 10 + 5 = 5
2024-08-01 18:26:42,665:DEBUG:Multiply: 10 * 5 = 50
2024-08-01 18:26:42,665:DEBUG:Divide: 10 / 5 = 2.0
